main.c:111:5:main	8	static
main.c:281:6:SystemClock_Config	88	static
main.c:326:13:MX_TIM2_Init	32	static
main.c:371:13:MX_TIM3_Init	48	static
main.c:424:13:MX_TIM4_Init	48	static
main.c:477:13:MX_TIM6_Init	16	static
main.c:515:13:MX_USART2_UART_Init	8	static
main.c:548:13:MX_GPIO_Init	48	static
main.c:603:6:delay	16	static
main.c:611:6:Set_Pin_Output	40	static
main.c:625:6:Set_Pin_Input	40	static
main.c:639:9:DHT11_Read	40	static
main.c:734:6:HAL_TIM_PeriodElapsedCallback	16	static
main.c:757:6:Error_Handler	4	static,ignoring_inline_asm
